[buli1887live.github.io/Bussgeldrechner/index.html]
[backblue.gif]
[fade.gif]
[index.html]
[buli1887live.github.io/Bussgeldrechner/index.js]
[buli1887live.github.io/Bussgeldrechner/fonts.css]
[buli1887live.github.io/Bussgeldrechner/style.css]
[buli1887live.github.io/Bussgeldrechner/style_sahp_overwrite.css]
[buli1887live.github.io/Bussgeldrechner/DOJ_logo.png]
[kit-pro.fontawesome.com/releases/v6.2.1/css/pro.min.css]
[buli1887live.github.io/Bussgeldrechner/notifications.css]
[buli1887live.github.io/Bussgeldrechner/notifications.js]
[buli1887live.github.io/Bussgeldrechner/index.html]
[buli1887live.github.io/Bussgeldrechner/SF-Pro-Text-Light.woff]
[buli1887live.github.io/Bussgeldrechner/SF-Pro-Text-LightItalic.woff]
[buli1887live.github.io/Bussgeldrechner/SF-Pro-Text-Regular.woff]
[buli1887live.github.io/Bussgeldrechner/SF-Pro-Text-RegularItalic.woff]
[buli1887live.github.io/Bussgeldrechner/SF-Pro-Text-Medium.woff]
[buli1887live.github.io/Bussgeldrechner/SF-Pro-Text-MediumItalic.woff]
[buli1887live.github.io/Bussgeldrechner/SF-Pro-Display-Black.woff]
[buli1887live.github.io/Bussgeldrechner/SF-Pro-Display-BlackItalic.woff]
[buli1887live.github.io/Bussgeldrechner/SF-Pro-Text-Bold.woff]
[buli1887live.github.io/Bussgeldrechner/SF-Pro-Text-BoldItalic.woff]
[buli1887live.github.io/Bussgeldrechner/ProximaNova-Regular.woff]
[buli1887live.github.io/Bussgeldrechner/ProximaNova-Semibold.woff]
[buli1887live.github.io/Bussgeldrechner/ProximaNova-Light.woff]
[buli1887live.github.io/Bussgeldrechner/ProximaNova-Bold.woff]
[buli1887live.github.io/Bussgeldrechner/ProximaNova-Extrabld.woff]
[buli1887live.github.io/Bussgeldrechner/fonts.css]
[buli1887live.github.io/Bussgeldrechner/style.css]
[buli1887live.github.io/Bussgeldrechner/style_sahp_overwrite.html]
[kit-pro.fontawesome.com/releases/v6.2.1/css/pro.min.css]
[buli1887live.github.io/Bussgeldrechner/notifications.css]
[buli1887live.github.io/Bussgeldrechner/SF-Pro-Text-LightItalic.html]
[buli1887live.github.io/Bussgeldrechner/SF-Pro-Text-RegularItalic.html]
[buli1887live.github.io/Bussgeldrechner/SF-Pro-Text-MediumItalic.html]
[buli1887live.github.io/Bussgeldrechner/SF-Pro-Display-BlackItalic.html]
[buli1887live.github.io/Bussgeldrechner/SF-Pro-Text-BoldItalic.html]
