[bussgeldrechner.devgosling.tech/index.html]
[bussgeldrechner.devgosling.tech/DOJ_logod41d.png]
[backblue.gif]
[fade.gif]
[index.html]
[kit-pro.fontawesome.com/releases/v6.5.2/css/pro.min.css]
[bussgeldrechner.devgosling.tech/assets/index-Ce75dT4x.js]
[bussgeldrechner.devgosling.tech/index.html]
[bussgeldrechner.devgosling.tech/assets/index-DCm2JOfq.css]
[kit-pro.fontawesome.com/releases/v6.5.2/css/pro.min.css]
[bussgeldrechner.devgosling.tech/assets/SF-Pro-Text-Light-CB7w9Esl.woff]
[bussgeldrechner.devgosling.tech/assets/fonts/SF-Pro-Text-LightItalic.woff]
[bussgeldrechner.devgosling.tech/assets/SF-Pro-Text-Regular-Dx0ISkhY.woff]
[bussgeldrechner.devgosling.tech/assets/fonts/SF-Pro-Text-RegularItalic.woff]
[bussgeldrechner.devgosling.tech/assets/SF-Pro-Text-Medium-Dg4fZxZe.woff]
[bussgeldrechner.devgosling.tech/assets/fonts/SF-Pro-Text-MediumItalic.woff]
[bussgeldrechner.devgosling.tech/assets/SF-Pro-Display-Black-Dj_6xuS3.woff]
[bussgeldrechner.devgosling.tech/assets/fonts/SF-Pro-Display-BlackItalic.woff]
[bussgeldrechner.devgosling.tech/assets/SF-Pro-Text-Bold-D4oU8BLp.woff]
[bussgeldrechner.devgosling.tech/assets/fonts/SF-Pro-Text-BoldItalic.woff]
[bussgeldrechner.devgosling.tech/assets/ProximaNova-Regular-DWL80izk.woff]
[bussgeldrechner.devgosling.tech/assets/ProximaNova-Semibold-CN7e7BQj.woff]
[bussgeldrechner.devgosling.tech/assets/ProximaNova-Light-CqN-u2Cf.woff]
[bussgeldrechner.devgosling.tech/assets/ProximaNova-Bold-NqAR-v34.woff]
[bussgeldrechner.devgosling.tech/assets/ProximaNova-Extrabld-G756Xh0o.woff]
[bussgeldrechner.devgosling.tech/assets/index-DCm2JOfq.css]
[bussgeldrechner.devgosling.tech/assets/fonts/SF-Pro-Text-LightItalic.html]
[bussgeldrechner.devgosling.tech/assets/fonts/SF-Pro-Text-RegularItalic.html]
[bussgeldrechner.devgosling.tech/assets/fonts/SF-Pro-Text-MediumItalic.html]
[bussgeldrechner.devgosling.tech/assets/fonts/SF-Pro-Display-BlackItalic.html]
[bussgeldrechner.devgosling.tech/assets/fonts/SF-Pro-Text-BoldItalic.html]
